exports[`test Location set 1`] = `
<ul
  className="App">
  <li>
    <div
      className="WeatherCard">
      <h2>
        Friday
      </h2>
      <ul>
        <li
          className="weather">
          <div>
            <h3>
              3:00 AM
            </h3>
            <img
              alt="light rain"
              src="test-file-stub" />
          </div>
        </li>
        <li
          className="weather">
          <div>
            <h3>
              6:00 AM
            </h3>
            <img
              alt="clear sky"
              src="test-file-stub" />
          </div>
        </li>
      </ul>
    </div>
  </li>
  <li>
    <div
      className="WeatherCard">
      <h2>
        Friday
      </h2>
      <ul>
        <li
          className="weather">
          <div>
            <h3>
              3:02 AM
            </h3>
            <img
              alt="heavy rain"
              src="test-file-stub" />
          </div>
        </li>
        <li
          className="weather">
          <div>
            <h3>
              5:54 AM
            </h3>
            <img
              alt="mist"
              src={undefined} />
          </div>
        </li>
      </ul>
    </div>
  </li>
</ul>
`;
